#-----------------------------------------------------------
# Vivado v2016.1 (64-bit)
# SW Build 1538259 on Fri Apr  8 15:45:27 MDT 2016
# IP Build 1537824 on Fri Apr  8 04:28:57 MDT 2016
# Start of session at: Thu May 12 13:19:33 2022
# Process ID: 6380
# Current directory: C:/Users/innsolit/demo_project
# Command line: vivado.exe -gui_launcher_event rodinguilauncherevent7308 C:\Users\innsolit\demo_project\demo_project.xpr
# Log file: C:/Users/innsolit/demo_project/vivado.log
# Journal file: C:/Users/innsolit/demo_project\vivado.jou
#-----------------------------------------------------------
start_gui
open_project C:/Users/innsolit/demo_project/demo_project.xpr
update_compile_order -fileset sources_1
reset_run synth_1
launch_runs impl_1 -to_step write_bitstream
wait_on_run impl_1
open_hw
connect_hw_server
open_hw_target
set_property PROGRAM.FILE {C:/Users/innsolit/demo_project/demo_project.runs/impl_1/top_module.bit} [lindex [get_hw_devices] 0]
current_hw_device [lindex [get_hw_devices] 0]
refresh_hw_device -update_hw_probes false [lindex [get_hw_devices] 0]
set_property PROBES.FILE {} [lindex [get_hw_devices] 0]
set_property PROGRAM.FILE {C:/Users/innsolit/demo_project/demo_project.runs/impl_1/top_module.bit} [lindex [get_hw_devices] 0]
program_hw_devices [lindex [get_hw_devices] 0]
refresh_hw_device [lindex [get_hw_devices] 0]
reset_run synth_1
launch_runs impl_1 -to_step write_bitstream
wait_on_run impl_1
set_property PROBES.FILE {} [lindex [get_hw_devices] 0]
set_property PROGRAM.FILE {C:/Users/innsolit/demo_project/demo_project.runs/impl_1/top_module.bit} [lindex [get_hw_devices] 0]
program_hw_devices [lindex [get_hw_devices] 0]
refresh_hw_device [lindex [get_hw_devices] 0]
close_hw_target {localhost:3121/xilinx_tcf/Digilent/210183B03874A}
